// Jest Snapshot v1, https://goo.gl/fbAQLP

exports[`[Component] CurrencyBox should match the snapshot 1`] = `
<div
  className="StyledBox-sc-13pk1d4-0 dxtVvB"
>
  <div
    className="StyledBox-sc-13pk1d4-0 hErwNa"
  >
    <span
      className="StyledText-sc-1sadyjn-0 jpqZaM"
      size="xlarge"
    >
      USD
    </span>
    <div
      className="StyledBox__StyledBoxGap-sc-13pk1d4-1 ffjnxm"
    />
    <button
      className="StyledButton-sc-323bzc-0 dnCEuz"
      onBlur={[Function]}
      onClick={[Function]}
      onFocus={[Function]}
      onMouseOut={[Function]}
      onMouseOver={[Function]}
      type="button"
    >
      <svg
        aria-label="Down"
        className="StyledIcon-ofa7kd-0 jXwebn"
        viewBox="0 0 24 24"
      >
        <polyline
          fill="none"
          points="7.086 3.174 17.086 13.174 7.086 23.174"
          stroke="#000"
          strokeWidth="2"
          transform="scale(1 -1) rotate(-89 -1.32 0)"
        />
      </svg>
    </button>
  </div>
  <span
    className="StyledText-sc-1sadyjn-0 ejzSet"
    size="large"
  >
    Balance: 
    100.00
     
    $
  </span>
</div>
`;
